// Jest Snapshot v1, https://goo.gl/fbAQLP

exports[`when rendering the game game renders correctly 1`] = `ShallowWrapper {}`;
